// Jest Snapshot v1, https://goo.gl/fbAQLP

exports[`Banktransacties List should render transactions 1`] = `
<div
  class="chakra-stack css-n21gh5"
>
  <div
    class="chakra-stack css-n21gh5"
  >
    <div
      class="css-0"
    >
      <p
        class="chakra-text css-dv4ab0"
      >
        zaterdag 25 december 2021
      </p>
    </div>
    <div
      class="chakra-stack css-n21gh5"
    >
      <div
        class="chakra-stack css-1oeb4ru"
      >
        <div
          class="css-0"
        >
          <p
            class="chakra-text css-0"
          >
            Albert Heijn B.V.
          </p>
        </div>
        <div
          class="css-0"
        >
          <div
            class="chakra-stack css-84zodg"
          >
            <p
              class="chakra-text css-1yniq95"
            >
              € 765,32
            </p>
            <a
              class=""
              href="/banktransacties/252"
            >
              <svg
                aria-hidden="true"
                class="denhaag-icon"
                fill="none"
                focusable="false"
                height="1em"
                shape-rendering="auto"
                viewBox="0 0 24 24"
                width="1em"
                xmlns="http://www.w3.org/2000/svg"
              >
                <path
                  d="M9.293 18.707a1 1 0 010-1.414L14.586 12 9.293 6.707a1 1 0 011.414-1.414l6 6a1 1 0 010 1.414l-6 6a1 1 0 01-1.414 0z"
                  fill="currentColor"
                />
              </svg>
            </a>
          </div>
        </div>
      </div>
    </div>
    <hr
      class="MuiDivider-root denhaag-divider"
      role="presentation"
    />
  </div>
  <div
    class="chakra-stack css-n21gh5"
  >
    <div
      class="css-0"
    >
      <p
        class="chakra-text css-dv4ab0"
      >
        maandag 20 december 2021
      </p>
    </div>
    <div
      class="chakra-stack css-n21gh5"
    >
      <div
        class="chakra-stack css-1oeb4ru"
      >
        <div
          class="css-0"
        >
          <p
            class="chakra-text css-0"
          >
            Belastingdienst
          </p>
        </div>
        <div
          class="css-0"
        >
          <div
            class="chakra-stack css-84zodg"
          >
            <p
              class="chakra-text css-1yniq95"
            >
              € 391,00
            </p>
            <a
              class=""
              href="/banktransacties/180"
            >
              <svg
                aria-hidden="true"
                class="denhaag-icon"
                fill="none"
                focusable="false"
                height="1em"
                shape-rendering="auto"
                viewBox="0 0 24 24"
                width="1em"
                xmlns="http://www.w3.org/2000/svg"
              >
                <path
                  d="M9.293 18.707a1 1 0 010-1.414L14.586 12 9.293 6.707a1 1 0 011.414-1.414l6 6a1 1 0 010 1.414l-6 6a1 1 0 01-1.414 0z"
                  fill="currentColor"
                />
              </svg>
            </a>
          </div>
        </div>
      </div>
      <div
        class="chakra-stack css-1oeb4ru"
      >
        <div
          class="css-0"
        >
          <p
            class="chakra-text css-0"
          >
            Belastingdienst
          </p>
        </div>
        <div
          class="css-0"
        >
          <div
            class="chakra-stack css-84zodg"
          >
            <p
              class="chakra-text css-1yniq95"
            >
              € 107,00
            </p>
            <a
              class=""
              href="/banktransacties/300"
            >
              <svg
                aria-hidden="true"
                class="denhaag-icon"
                fill="none"
                focusable="false"
                height="1em"
                shape-rendering="auto"
                viewBox="0 0 24 24"
                width="1em"
                xmlns="http://www.w3.org/2000/svg"
              >
                <path
                  d="M9.293 18.707a1 1 0 010-1.414L14.586 12 9.293 6.707a1 1 0 011.414-1.414l6 6a1 1 0 010 1.414l-6 6a1 1 0 01-1.414 0z"
                  fill="currentColor"
                />
              </svg>
            </a>
          </div>
        </div>
      </div>
      <div
        class="chakra-stack css-1oeb4ru"
      >
        <div
          class="css-0"
        >
          <p
            class="chakra-text css-0"
          >
            Belastingdienst
          </p>
        </div>
        <div
          class="css-0"
        >
          <div
            class="chakra-stack css-84zodg"
          >
            <p
              class="chakra-text css-1yniq95"
            >
              € 322,00
            </p>
            <a
              class=""
              href="/banktransacties/144"
            >
              <svg
                aria-hidden="true"
                class="denhaag-icon"
                fill="none"
                focusable="false"
                height="1em"
                shape-rendering="auto"
                viewBox="0 0 24 24"
                width="1em"
                xmlns="http://www.w3.org/2000/svg"
              >
                <path
                  d="M9.293 18.707a1 1 0 010-1.414L14.586 12 9.293 6.707a1 1 0 011.414-1.414l6 6a1 1 0 010 1.414l-6 6a1 1 0 01-1.414 0z"
                  fill="currentColor"
                />
              </svg>
            </a>
          </div>
        </div>
      </div>
    </div>
    <hr
      class="MuiDivider-root denhaag-divider"
      role="presentation"
    />
  </div>
  <div
    class="chakra-stack css-n21gh5"
  >
    <div
      class="css-0"
    >
      <p
        class="chakra-text css-dv4ab0"
      >
        dinsdag 7 december 2021
      </p>
    </div>
    <div
      class="chakra-stack css-n21gh5"
    >
      <div
        class="chakra-stack css-1oeb4ru"
      >
        <div
          class="css-0"
        >
          <p
            class="chakra-text css-0"
          >
            GEMEENTE UTRECHT
          </p>
        </div>
        <div
          class="css-0"
        >
          <div
            class="chakra-stack css-84zodg"
          >
            <p
              class="chakra-text css-1yniq95"
            >
              € 147,84
            </p>
            <a
              class=""
              href="/banktransacties/36"
            >
              <svg
                aria-hidden="true"
                class="denhaag-icon"
                fill="none"
                focusable="false"
                height="1em"
                shape-rendering="auto"
                viewBox="0 0 24 24"
                width="1em"
                xmlns="http://www.w3.org/2000/svg"
              >
                <path
                  d="M9.293 18.707a1 1 0 010-1.414L14.586 12 9.293 6.707a1 1 0 011.414-1.414l6 6a1 1 0 010 1.414l-6 6a1 1 0 01-1.414 0z"
                  fill="currentColor"
                />
              </svg>
            </a>
          </div>
        </div>
      </div>
    </div>
    <hr
      class="MuiDivider-root denhaag-divider"
      role="presentation"
    />
  </div>
  <div
    class="chakra-stack css-n21gh5"
  >
    <div
      class="css-0"
    >
      <p
        class="chakra-text css-dv4ab0"
      >
        zaterdag 4 december 2021
      </p>
    </div>
    <div
      class="chakra-stack css-n21gh5"
    >
      <div
        class="chakra-stack css-1oeb4ru"
      >
        <div
          class="css-0"
        >
          <p
            class="chakra-text css-0"
          >
            Portaal
          </p>
        </div>
        <div
          class="css-0"
        >
          <div
            class="chakra-stack css-84zodg"
          >
            <p
              class="chakra-text css-jo3ubs"
            >
              € -647,35
            </p>
            <a
              class=""
              href="/banktransacties/72"
            >
              <svg
                aria-hidden="true"
                class="denhaag-icon"
                fill="none"
                focusable="false"
                height="1em"
                shape-rendering="auto"
                viewBox="0 0 24 24"
                width="1em"
                xmlns="http://www.w3.org/2000/svg"
              >
                <path
                  d="M9.293 18.707a1 1 0 010-1.414L14.586 12 9.293 6.707a1 1 0 011.414-1.414l6 6a1 1 0 010 1.414l-6 6a1 1 0 01-1.414 0z"
                  fill="currentColor"
                />
              </svg>
            </a>
          </div>
        </div>
      </div>
    </div>
    <hr
      class="MuiDivider-root denhaag-divider"
      role="presentation"
    />
  </div>
  <div
    class="chakra-stack css-n21gh5"
  >
    <div
      class="css-0"
    >
      <p
        class="chakra-text css-dv4ab0"
      >
        woensdag 1 december 2021
      </p>
    </div>
    <div
      class="chakra-stack css-n21gh5"
    >
      <div
        class="chakra-stack css-1oeb4ru"
      >
        <div
          class="css-0"
        >
          <p
            class="chakra-text css-0"
          >
            ENGIE Nederland RETAIL B.V.
          </p>
        </div>
        <div
          class="css-0"
        >
          <div
            class="chakra-stack css-84zodg"
          >
            <p
              class="chakra-text css-jo3ubs"
            >
              € -132,00
            </p>
            <a
              class=""
              href="/banktransacties/108"
            >
              <svg
                aria-hidden="true"
                class="denhaag-icon"
                fill="none"
                focusable="false"
                height="1em"
                shape-rendering="auto"
                viewBox="0 0 24 24"
                width="1em"
                xmlns="http://www.w3.org/2000/svg"
              >
                <path
                  d="M9.293 18.707a1 1 0 010-1.414L14.586 12 9.293 6.707a1 1 0 011.414-1.414l6 6a1 1 0 010 1.414l-6 6a1 1 0 01-1.414 0z"
                  fill="currentColor"
                />
              </svg>
            </a>
          </div>
        </div>
      </div>
      <div
        class="chakra-stack css-1oeb4ru"
      >
        <div
          class="css-0"
        >
          <p
            class="chakra-text css-0"
          >
            F. de Jager
          </p>
        </div>
        <div
          class="css-0"
        >
          <div
            class="chakra-stack css-84zodg"
          >
            <p
              class="chakra-text css-jo3ubs"
            >
              € -939,94
            </p>
            <a
              class=""
              href="/banktransacties/216"
            >
              <svg
                aria-hidden="true"
                class="denhaag-icon"
                fill="none"
                focusable="false"
                height="1em"
                shape-rendering="auto"
                viewBox="0 0 24 24"
                width="1em"
                xmlns="http://www.w3.org/2000/svg"
              >
                <path
                  d="M9.293 18.707a1 1 0 010-1.414L14.586 12 9.293 6.707a1 1 0 011.414-1.414l6 6a1 1 0 010 1.414l-6 6a1 1 0 01-1.414 0z"
                  fill="currentColor"
                />
              </svg>
            </a>
          </div>
        </div>
      </div>
    </div>
    <hr
      class="MuiDivider-root denhaag-divider"
      role="presentation"
    />
  </div>
  <div
    class="chakra-stack css-n21gh5"
  >
    <div
      class="css-0"
    >
      <p
        class="chakra-text css-dv4ab0"
      >
        donderdag 25 november 2021
      </p>
    </div>
    <div
      class="chakra-stack css-n21gh5"
    >
      <div
        class="chakra-stack css-1oeb4ru"
      >
        <div
          class="css-0"
        >
          <p
            class="chakra-text css-0"
          >
            Albert Heijn B.V.
          </p>
        </div>
        <div
          class="css-0"
        >
          <div
            class="chakra-stack css-84zodg"
          >
            <p
              class="chakra-text css-1yniq95"
            >
              € 765,32
            </p>
            <a
              class=""
              href="/banktransacties/251"
            >
              <svg
                aria-hidden="true"
                class="denhaag-icon"
                fill="none"
                focusable="false"
                height="1em"
                shape-rendering="auto"
                viewBox="0 0 24 24"
                width="1em"
                xmlns="http://www.w3.org/2000/svg"
              >
                <path
                  d="M9.293 18.707a1 1 0 010-1.414L14.586 12 9.293 6.707a1 1 0 011.414-1.414l6 6a1 1 0 010 1.414l-6 6a1 1 0 01-1.414 0z"
                  fill="currentColor"
                />
              </svg>
            </a>
          </div>
        </div>
      </div>
    </div>
    <hr
      class="MuiDivider-root denhaag-divider"
      role="presentation"
    />
  </div>
  <div
    class="chakra-stack css-n21gh5"
  >
    <div
      class="css-0"
    >
      <p
        class="chakra-text css-dv4ab0"
      >
        zaterdag 20 november 2021
      </p>
    </div>
    <div
      class="chakra-stack css-n21gh5"
    >
      <div
        class="chakra-stack css-1oeb4ru"
      >
        <div
          class="css-0"
        >
          <p
            class="chakra-text css-0"
          >
            Belastingdienst
          </p>
        </div>
        <div
          class="css-0"
        >
          <div
            class="chakra-stack css-84zodg"
          >
            <p
              class="chakra-text css-1yniq95"
            >
              € 322,00
            </p>
            <a
              class=""
              href="/banktransacties/143"
            >
              <svg
                aria-hidden="true"
                class="denhaag-icon"
                fill="none"
                focusable="false"
                height="1em"
                shape-rendering="auto"
                viewBox="0 0 24 24"
                width="1em"
                xmlns="http://www.w3.org/2000/svg"
              >
                <path
                  d="M9.293 18.707a1 1 0 010-1.414L14.586 12 9.293 6.707a1 1 0 011.414-1.414l6 6a1 1 0 010 1.414l-6 6a1 1 0 01-1.414 0z"
                  fill="currentColor"
                />
              </svg>
            </a>
          </div>
        </div>
      </div>
      <div
        class="chakra-stack css-1oeb4ru"
      >
        <div
          class="css-0"
        >
          <p
            class="chakra-text css-0"
          >
            Belastingdienst
          </p>
        </div>
        <div
          class="css-0"
        >
          <div
            class="chakra-stack css-84zodg"
          >
            <p
              class="chakra-text css-1yniq95"
            >
              € 107,00
            </p>
            <a
              class=""
              href="/banktransacties/299"
            >
              <svg
                aria-hidden="true"
                class="denhaag-icon"
                fill="none"
                focusable="false"
                height="1em"
                shape-rendering="auto"
                viewBox="0 0 24 24"
                width="1em"
                xmlns="http://www.w3.org/2000/svg"
              >
                <path
                  d="M9.293 18.707a1 1 0 010-1.414L14.586 12 9.293 6.707a1 1 0 011.414-1.414l6 6a1 1 0 010 1.414l-6 6a1 1 0 01-1.414 0z"
                  fill="currentColor"
                />
              </svg>
            </a>
          </div>
        </div>
      </div>
      <div
        class="chakra-stack css-1oeb4ru"
      >
        <div
          class="css-0"
        >
          <p
            class="chakra-text css-0"
          >
            Belastingdienst
          </p>
        </div>
        <div
          class="css-0"
        >
          <div
            class="chakra-stack css-84zodg"
          >
            <p
              class="chakra-text css-1yniq95"
            >
              € 391,00
            </p>
            <a
              class=""
              href="/banktransacties/179"
            >
              <svg
                aria-hidden="true"
                class="denhaag-icon"
                fill="none"
                focusable="false"
                height="1em"
                shape-rendering="auto"
                viewBox="0 0 24 24"
                width="1em"
                xmlns="http://www.w3.org/2000/svg"
              >
                <path
                  d="M9.293 18.707a1 1 0 010-1.414L14.586 12 9.293 6.707a1 1 0 011.414-1.414l6 6a1 1 0 010 1.414l-6 6a1 1 0 01-1.414 0z"
                  fill="currentColor"
                />
              </svg>
            </a>
          </div>
        </div>
      </div>
    </div>
    <hr
      class="MuiDivider-root denhaag-divider"
      role="presentation"
    />
  </div>
  <div
    class="chakra-stack css-n21gh5"
  >
    <div
      class="css-0"
    >
      <p
        class="chakra-text css-dv4ab0"
      >
        zondag 7 november 2021
      </p>
    </div>
    <div
      class="chakra-stack css-n21gh5"
    >
      <div
        class="chakra-stack css-1oeb4ru"
      >
        <div
          class="css-0"
        >
          <p
            class="chakra-text css-0"
          >
            GEMEENTE UTRECHT
          </p>
        </div>
        <div
          class="css-0"
        >
          <div
            class="chakra-stack css-84zodg"
          >
            <p
              class="chakra-text css-1yniq95"
            >
              € 147,84
            </p>
            <a
              class=""
              href="/banktransacties/35"
            >
              <svg
                aria-hidden="true"
                class="denhaag-icon"
                fill="none"
                focusable="false"
                height="1em"
                shape-rendering="auto"
                viewBox="0 0 24 24"
                width="1em"
                xmlns="http://www.w3.org/2000/svg"
              >
                <path
                  d="M9.293 18.707a1 1 0 010-1.414L14.586 12 9.293 6.707a1 1 0 011.414-1.414l6 6a1 1 0 010 1.414l-6 6a1 1 0 01-1.414 0z"
                  fill="currentColor"
                />
              </svg>
            </a>
          </div>
        </div>
      </div>
    </div>
    <hr
      class="MuiDivider-root denhaag-divider"
      role="presentation"
    />
  </div>
  <div
    class="chakra-stack css-n21gh5"
  >
    <div
      class="css-0"
    >
      <p
        class="chakra-text css-dv4ab0"
      >
        donderdag 4 november 2021
      </p>
    </div>
    <div
      class="chakra-stack css-n21gh5"
    >
      <div
        class="chakra-stack css-1oeb4ru"
      >
        <div
          class="css-0"
        >
          <p
            class="chakra-text css-0"
          >
            Portaal
          </p>
        </div>
        <div
          class="css-0"
        >
          <div
            class="chakra-stack css-84zodg"
          >
            <p
              class="chakra-text css-jo3ubs"
            >
              € -647,35
            </p>
            <a
              class=""
              href="/banktransacties/71"
            >
              <svg
                aria-hidden="true"
                class="denhaag-icon"
                fill="none"
                focusable="false"
                height="1em"
                shape-rendering="auto"
                viewBox="0 0 24 24"
                width="1em"
                xmlns="http://www.w3.org/2000/svg"
              >
                <path
                  d="M9.293 18.707a1 1 0 010-1.414L14.586 12 9.293 6.707a1 1 0 011.414-1.414l6 6a1 1 0 010 1.414l-6 6a1 1 0 01-1.414 0z"
                  fill="currentColor"
                />
              </svg>
            </a>
          </div>
        </div>
      </div>
    </div>
    <hr
      class="MuiDivider-root denhaag-divider"
      role="presentation"
    />
  </div>
  <div
    class="chakra-stack css-n21gh5"
  >
    <div
      class="css-0"
    >
      <p
        class="chakra-text css-dv4ab0"
      >
        maandag 1 november 2021
      </p>
    </div>
    <div
      class="chakra-stack css-n21gh5"
    >
      <div
        class="chakra-stack css-1oeb4ru"
      >
        <div
          class="css-0"
        >
          <p
            class="chakra-text css-0"
          >
            ENGIE Nederland RETAIL B.V.
          </p>
        </div>
        <div
          class="css-0"
        >
          <div
            class="chakra-stack css-84zodg"
          >
            <p
              class="chakra-text css-jo3ubs"
            >
              € -132,00
            </p>
            <a
              class=""
              href="/banktransacties/107"
            >
              <svg
                aria-hidden="true"
                class="denhaag-icon"
                fill="none"
                focusable="false"
                height="1em"
                shape-rendering="auto"
                viewBox="0 0 24 24"
                width="1em"
                xmlns="http://www.w3.org/2000/svg"
              >
                <path
                  d="M9.293 18.707a1 1 0 010-1.414L14.586 12 9.293 6.707a1 1 0 011.414-1.414l6 6a1 1 0 010 1.414l-6 6a1 1 0 01-1.414 0z"
                  fill="currentColor"
                />
              </svg>
            </a>
          </div>
        </div>
      </div>
      <div
        class="chakra-stack css-1oeb4ru"
      >
        <div
          class="css-0"
        >
          <p
            class="chakra-text css-0"
          >
            F. de Jager
          </p>
        </div>
        <div
          class="css-0"
        >
          <div
            class="chakra-stack css-84zodg"
          >
            <p
              class="chakra-text css-jo3ubs"
            >
              € -939,94
            </p>
            <a
              class=""
              href="/banktransacties/215"
            >
              <svg
                aria-hidden="true"
                class="denhaag-icon"
                fill="none"
                focusable="false"
                height="1em"
                shape-rendering="auto"
                viewBox="0 0 24 24"
                width="1em"
                xmlns="http://www.w3.org/2000/svg"
              >
                <path
                  d="M9.293 18.707a1 1 0 010-1.414L14.586 12 9.293 6.707a1 1 0 011.414-1.414l6 6a1 1 0 010 1.414l-6 6a1 1 0 01-1.414 0z"
                  fill="currentColor"
                />
              </svg>
            </a>
          </div>
        </div>
      </div>
    </div>
    <hr
      class="MuiDivider-root denhaag-divider"
      role="presentation"
    />
  </div>
  <div
    class="chakra-stack css-n21gh5"
  >
    <div
      class="css-0"
    >
      <p
        class="chakra-text css-dv4ab0"
      >
        maandag 25 oktober 2021
      </p>
    </div>
    <div
      class="chakra-stack css-n21gh5"
    >
      <div
        class="chakra-stack css-1oeb4ru"
      >
        <div
          class="css-0"
        >
          <p
            class="chakra-text css-0"
          >
            Albert Heijn B.V.
          </p>
        </div>
        <div
          class="css-0"
        >
          <div
            class="chakra-stack css-84zodg"
          >
            <p
              class="chakra-text css-1yniq95"
            >
              € 765,32
            </p>
            <a
              class=""
              href="/banktransacties/250"
            >
              <svg
                aria-hidden="true"
                class="denhaag-icon"
                fill="none"
                focusable="false"
                height="1em"
                shape-rendering="auto"
                viewBox="0 0 24 24"
                width="1em"
                xmlns="http://www.w3.org/2000/svg"
              >
                <path
                  d="M9.293 18.707a1 1 0 010-1.414L14.586 12 9.293 6.707a1 1 0 011.414-1.414l6 6a1 1 0 010 1.414l-6 6a1 1 0 01-1.414 0z"
                  fill="currentColor"
                />
              </svg>
            </a>
          </div>
        </div>
      </div>
    </div>
    <hr
      class="MuiDivider-root denhaag-divider"
      role="presentation"
    />
  </div>
  <div
    class="chakra-stack css-n21gh5"
  >
    <div
      class="css-0"
    >
      <p
        class="chakra-text css-dv4ab0"
      >
        woensdag 20 oktober 2021
      </p>
    </div>
    <div
      class="chakra-stack css-n21gh5"
    >
      <div
        class="chakra-stack css-1oeb4ru"
      >
        <div
          class="css-0"
        >
          <p
            class="chakra-text css-0"
          >
            Belastingdienst
          </p>
        </div>
        <div
          class="css-0"
        >
          <div
            class="chakra-stack css-84zodg"
          >
            <p
              class="chakra-text css-1yniq95"
            >
              € 322,00
            </p>
            <a
              class=""
              href="/banktransacties/142"
            >
              <svg
                aria-hidden="true"
                class="denhaag-icon"
                fill="none"
                focusable="false"
                height="1em"
                shape-rendering="auto"
                viewBox="0 0 24 24"
                width="1em"
                xmlns="http://www.w3.org/2000/svg"
              >
                <path
                  d="M9.293 18.707a1 1 0 010-1.414L14.586 12 9.293 6.707a1 1 0 011.414-1.414l6 6a1 1 0 010 1.414l-6 6a1 1 0 01-1.414 0z"
                  fill="currentColor"
                />
              </svg>
            </a>
          </div>
        </div>
      </div>
      <div
        class="chakra-stack css-1oeb4ru"
      >
        <div
          class="css-0"
        >
          <p
            class="chakra-text css-0"
          >
            Belastingdienst
          </p>
        </div>
        <div
          class="css-0"
        >
          <div
            class="chakra-stack css-84zodg"
          >
            <p
              class="chakra-text css-1yniq95"
            >
              € 107,00
            </p>
            <a
              class=""
              href="/banktransacties/298"
            >
              <svg
                aria-hidden="true"
                class="denhaag-icon"
                fill="none"
                focusable="false"
                height="1em"
                shape-rendering="auto"
                viewBox="0 0 24 24"
                width="1em"
                xmlns="http://www.w3.org/2000/svg"
              >
                <path
                  d="M9.293 18.707a1 1 0 010-1.414L14.586 12 9.293 6.707a1 1 0 011.414-1.414l6 6a1 1 0 010 1.414l-6 6a1 1 0 01-1.414 0z"
                  fill="currentColor"
                />
              </svg>
            </a>
          </div>
        </div>
      </div>
      <div
        class="chakra-stack css-1oeb4ru"
      >
        <div
          class="css-0"
        >
          <p
            class="chakra-text css-0"
          >
            Belastingdienst
          </p>
        </div>
        <div
          class="css-0"
        >
          <div
            class="chakra-stack css-84zodg"
          >
            <p
              class="chakra-text css-1yniq95"
            >
              € 391,00
            </p>
            <a
              class=""
              href="/banktransacties/178"
            >
              <svg
                aria-hidden="true"
                class="denhaag-icon"
                fill="none"
                focusable="false"
                height="1em"
                shape-rendering="auto"
                viewBox="0 0 24 24"
                width="1em"
                xmlns="http://www.w3.org/2000/svg"
              >
                <path
                  d="M9.293 18.707a1 1 0 010-1.414L14.586 12 9.293 6.707a1 1 0 011.414-1.414l6 6a1 1 0 010 1.414l-6 6a1 1 0 01-1.414 0z"
                  fill="currentColor"
                />
              </svg>
            </a>
          </div>
        </div>
      </div>
    </div>
    <hr
      class="MuiDivider-root denhaag-divider"
      role="presentation"
    />
  </div>
</div>
`;
