// Jest Snapshot v1, https://goo.gl/fbAQLP

exports[`BurgerLoader Given the burger exists gets the entire burger 1`] = `
Object {
  "burger": Object {
    "achternaam": "de Jager",
    "afspraken": null,
    "bsn": "999999990",
    "email": "fien.de.jager@sloothuizen.nl",
    "geboortedatum": "1987-06-18",
    "huisnummer": "14",
    "id": 1,
    "plaatsnaam": "Sloothuizen",
    "postcode": "9999ZZ",
    "rekeningen": null,
    "straatnaam": "Winkelstraat",
    "telefoonnummer": "0687542132",
    "voorletters": "F.S.",
    "voornamen": "Fien Sandra",
  },
}
`;
